current directory: /Users/shutianluo/Desktop/UVA/faculty Application/homepage/niewuya.io/vendor/bundle/ruby/3.4.0/gems/date-3.5.0/ext/date
/opt/homebrew/opt/ruby/bin/ruby extconf.rb
checking for rb_category_warn()... yes
checking for timezone in time.h with -Werror... yes
checking for altzone in time.h with -Werror... no
creating Makefile

current directory: /Users/shutianluo/Desktop/UVA/faculty Application/homepage/niewuya.io/vendor/bundle/ruby/3.4.0/gems/date-3.5.0/ext/date
make DESTDIR\= sitearchdir\=./.gem.20251130-5174-vgrzl5 sitelibdir\=./.gem.20251130-5174-vgrzl5 clean

current directory: /Users/shutianluo/Desktop/UVA/faculty Application/homepage/niewuya.io/vendor/bundle/ruby/3.4.0/gems/date-3.5.0/ext/date
make DESTDIR\= sitearchdir\=./.gem.20251130-5174-vgrzl5 sitelibdir\=./.gem.20251130-5174-vgrzl5
compiling date_core.c
compiling date_parse.c
compiling date_strftime.c
compiling date_strptime.c
linking shared-object date_core.bundle

current directory: /Users/shutianluo/Desktop/UVA/faculty Application/homepage/niewuya.io/vendor/bundle/ruby/3.4.0/gems/date-3.5.0/ext/date
make DESTDIR\= sitearchdir\=./.gem.20251130-5174-vgrzl5 sitelibdir\=./.gem.20251130-5174-vgrzl5 install
/usr/bin/install -c -m 0755 date_core.bundle ./.gem.20251130-5174-vgrzl5

current directory: /Users/shutianluo/Desktop/UVA/faculty Application/homepage/niewuya.io/vendor/bundle/ruby/3.4.0/gems/date-3.5.0/ext/date
make DESTDIR\= sitearchdir\=./.gem.20251130-5174-vgrzl5 sitelibdir\=./.gem.20251130-5174-vgrzl5 clean
